main.c:133:6:BNO_I2C_Write	40	static
main.c:145:9:BNO_I2C_Read	40	static
main.c:155:9:BNO_Init	16	static
main.c:176:8:BNO_GetEuler	104	static
main.c:203:8:BNO_GetQuaternions	96	static
main.c:224:8:ToEuler	104	static
main.c:246:6:BNO_CheckCalibration	24	static
main.c:287:9:HID_SendReport	24	static
main.c:293:9:map_values	16	static
main.c:298:6:BNO_ResetSystem	8	static
main.c:305:6:Mouse_SetBoundaries	16	static
main.c:323:6:Mouse_ConfigMode	8	static
main.c:329:6:EnableFPU	4	static
main.c:340:6:HAL_TIM_PeriodElapsedCallback	16	static
main.c:346:6:HAL_ADC_ConvCpltCallback	16	static
main.c:352:6:HAL_GPIO_EXTI_Callback	16	static
main.c:362:5:main	48	static
main.c:480:6:SystemClock_Config	128	static
main.c:550:6:PeriphCommonClock_Config	96	static
main.c:580:6:Error_Handler	8	static,ignoring_inline_asm
